// Jest Snapshot v1, https://goo.gl/fbAQLP

exports[`Header renders correctly 1`] = `
"<div className=\\"className\\">
  <div className=\\"container\\">
    <div className=\\"row p-t-3 \\">
      <div className=\\"col-lg-2 col-xs-6\\">
        leftContent
      </div>
      <div className=\\"col-lg-2 col-xs-6 col-lg-push-8 text-xs-right\\">
        rightContent
      </div>
      <div className=\\"col-xs-12 col-lg-6 col-lg-pull-2 col-lg-offset-1 p-x-0\\">
        bottomContent
      </div>
    </div>
  </div>
</div>"
`;
